// Jest Snapshot v1, https://goo.gl/fbAQLP

exports[`matches snapshot 1`] = `
Object {
  "asFragment": [Function],
  "baseElement": <body>
    <div>
      <div
        class="imenu"
      >
        <div>
          <h2
            class="menup"
          >
            Let's do some Math
          </h2>
        </div>
        <div
          class="wrapper"
        >
          <div
            class="screen"
          >
            <span
              class="input"
            />
            <span
              class="input"
            />
            <span
              class="input"
            />
          </div>
          <div
            class="button-box"
          >
            <button
              class="allClear"
              type="button"
            >
              AC
            </button>
            <button
              class="plusMinus"
              type="button"
            >
              +/-
            </button>
            <button
              class="percent"
              type="button"
            >
              %
            </button>
            <button
              class="divide last"
              type="button"
            >
              รท
            </button>
            <br />
            <button
              class="seven"
              type="button"
            >
              7
            </button>
            <button
              class="eight"
              type="button"
            >
              8
            </button>
            <button
              class="nine"
              type="button"
            >
              9
            </button>
            <button
              class="multiply last"
              type="button"
            >
              x
            </button>
            <br />
            <button
              class="four"
              type="button"
            >
              4
            </button>
            <button
              class="five"
              type="button"
            >
              5
            </button>
            <button
              class="six"
              type="button"
            >
              6
            </button>
            <button
              class="subtract last"
              type="button"
            >
              -
            </button>
            <br />
            <button
              class="one"
              type="button"
            >
              1
            </button>
            <button
              class="two"
              type="button"
            >
              2
            </button>
            <button
              class="three"
              type="button"
            >
              3
            </button>
            <button
              class="add  last"
              type="button"
            >
              +
            </button>
            <br />
            <button
              class="zero"
              type="button"
            >
              0
            </button>
            <button
              class="point"
              type="button"
            >
              .
            </button>
            <button
              class="equalto  last"
              type="button"
            >
              =
            </button>
          </div>
        </div>
      </div>
    </div>
  </body>,
  "container": <div>
    <div
      class="imenu"
    >
      <div>
        <h2
          class="menup"
        >
          Let's do some Math
        </h2>
      </div>
      <div
        class="wrapper"
      >
        <div
          class="screen"
        >
          <span
            class="input"
          />
          <span
            class="input"
          />
          <span
            class="input"
          />
        </div>
        <div
          class="button-box"
        >
          <button
            class="allClear"
            type="button"
          >
            AC
          </button>
          <button
            class="plusMinus"
            type="button"
          >
            +/-
          </button>
          <button
            class="percent"
            type="button"
          >
            %
          </button>
          <button
            class="divide last"
            type="button"
          >
            รท
          </button>
          <br />
          <button
            class="seven"
            type="button"
          >
            7
          </button>
          <button
            class="eight"
            type="button"
          >
            8
          </button>
          <button
            class="nine"
            type="button"
          >
            9
          </button>
          <button
            class="multiply last"
            type="button"
          >
            x
          </button>
          <br />
          <button
            class="four"
            type="button"
          >
            4
          </button>
          <button
            class="five"
            type="button"
          >
            5
          </button>
          <button
            class="six"
            type="button"
          >
            6
          </button>
          <button
            class="subtract last"
            type="button"
          >
            -
          </button>
          <br />
          <button
            class="one"
            type="button"
          >
            1
          </button>
          <button
            class="two"
            type="button"
          >
            2
          </button>
          <button
            class="three"
            type="button"
          >
            3
          </button>
          <button
            class="add  last"
            type="button"
          >
            +
          </button>
          <br />
          <button
            class="zero"
            type="button"
          >
            0
          </button>
          <button
            class="point"
            type="button"
          >
            .
          </button>
          <button
            class="equalto  last"
            type="button"
          >
            =
          </button>
        </div>
      </div>
    </div>
  </div>,
  "debug": [Function],
  "findAllByAltText": [Function],
  "findAllByDisplayValue": [Function],
  "findAllByLabelText": [Function],
  "findAllByPlaceholderText": [Function],
  "findAllByRole": [Function],
  "findAllByTestId": [Function],
  "findAllByText": [Function],
  "findAllByTitle": [Function],
  "findByAltText": [Function],
  "findByDisplayValue": [Function],
  "findByLabelText": [Function],
  "findByPlaceholderText": [Function],
  "findByRole": [Function],
  "findByTestId": [Function],
  "findByText": [Function],
  "findByTitle": [Function],
  "getAllByAltText": [Function],
  "getAllByDisplayValue": [Function],
  "getAllByLabelText": [Function],
  "getAllByPlaceholderText": [Function],
  "getAllByRole": [Function],
  "getAllByTestId": [Function],
  "getAllByText": [Function],
  "getAllByTitle": [Function],
  "getByAltText": [Function],
  "getByDisplayValue": [Function],
  "getByLabelText": [Function],
  "getByPlaceholderText": [Function],
  "getByRole": [Function],
  "getByTestId": [Function],
  "getByText": [Function],
  "getByTitle": [Function],
  "queryAllByAltText": [Function],
  "queryAllByDisplayValue": [Function],
  "queryAllByLabelText": [Function],
  "queryAllByPlaceholderText": [Function],
  "queryAllByRole": [Function],
  "queryAllByTestId": [Function],
  "queryAllByText": [Function],
  "queryAllByTitle": [Function],
  "queryByAltText": [Function],
  "queryByDisplayValue": [Function],
  "queryByLabelText": [Function],
  "queryByPlaceholderText": [Function],
  "queryByRole": [Function],
  "queryByTestId": [Function],
  "queryByText": [Function],
  "queryByTitle": [Function],
  "rerender": [Function],
  "unmount": [Function],
}
`;
