// Jest Snapshot v1, https://goo.gl/fbAQLP

exports[`matches snapshot 1`] = `
Object {
  "asFragment": [Function],
  "baseElement": <body>
    <div>
      <nav
        class="mNav"
      >
        <h1
          class="menuTitle"
        >
          Math Magicians
        </h1>
        <div
          class="menuContainer"
        >
          <ul
            class="menuList"
          >
            <li>
              <a
                class="menui vertical"
                href="/"
              >
                Home
              </a>
            </li>
            <li>
              <a
                class="menui vertical"
                href="/Calculator"
              >
                Calculator
              </a>
            </li>
            <li>
              <a
                class="menui vertical"
                href="/Quotes"
              >
                Quotes
              </a>
            </li>
          </ul>
        </div>
      </nav>
    </div>
  </body>,
  "container": <div>
    <nav
      class="mNav"
    >
      <h1
        class="menuTitle"
      >
        Math Magicians
      </h1>
      <div
        class="menuContainer"
      >
        <ul
          class="menuList"
        >
          <li>
            <a
              class="menui vertical"
              href="/"
            >
              Home
            </a>
          </li>
          <li>
            <a
              class="menui vertical"
              href="/Calculator"
            >
              Calculator
            </a>
          </li>
          <li>
            <a
              class="menui vertical"
              href="/Quotes"
            >
              Quotes
            </a>
          </li>
        </ul>
      </div>
    </nav>
  </div>,
  "debug": [Function],
  "findAllByAltText": [Function],
  "findAllByDisplayValue": [Function],
  "findAllByLabelText": [Function],
  "findAllByPlaceholderText": [Function],
  "findAllByRole": [Function],
  "findAllByTestId": [Function],
  "findAllByText": [Function],
  "findAllByTitle": [Function],
  "findByAltText": [Function],
  "findByDisplayValue": [Function],
  "findByLabelText": [Function],
  "findByPlaceholderText": [Function],
  "findByRole": [Function],
  "findByTestId": [Function],
  "findByText": [Function],
  "findByTitle": [Function],
  "getAllByAltText": [Function],
  "getAllByDisplayValue": [Function],
  "getAllByLabelText": [Function],
  "getAllByPlaceholderText": [Function],
  "getAllByRole": [Function],
  "getAllByTestId": [Function],
  "getAllByText": [Function],
  "getAllByTitle": [Function],
  "getByAltText": [Function],
  "getByDisplayValue": [Function],
  "getByLabelText": [Function],
  "getByPlaceholderText": [Function],
  "getByRole": [Function],
  "getByTestId": [Function],
  "getByText": [Function],
  "getByTitle": [Function],
  "queryAllByAltText": [Function],
  "queryAllByDisplayValue": [Function],
  "queryAllByLabelText": [Function],
  "queryAllByPlaceholderText": [Function],
  "queryAllByRole": [Function],
  "queryAllByTestId": [Function],
  "queryAllByText": [Function],
  "queryAllByTitle": [Function],
  "queryByAltText": [Function],
  "queryByDisplayValue": [Function],
  "queryByLabelText": [Function],
  "queryByPlaceholderText": [Function],
  "queryByRole": [Function],
  "queryByTestId": [Function],
  "queryByText": [Function],
  "queryByTitle": [Function],
  "rerender": [Function],
  "unmount": [Function],
}
`;
